[0528/173544.116:INFO:CONSOLE:2] "Element with id: isMergeSignInSignUpV2Enabled not found", source: https://static.licdn.com/aero-v1/sc/h/2rjwv8xjz286xzohy9vw8p79m (2)
[0528/173544.117:INFO:CONSOLE:2] "Element with id: mergeSignInSignUpLixValue not found", source: https://static.licdn.com/aero-v1/sc/h/2rjwv8xjz286xzohy9vw8p79m (2)
[0528/173544.118:INFO:CONSOLE:2] "No outlet was found with a data-modal attribute equal to the provided dataCustomOutlet param base-contextual-sign-in-modal", source: https://static.licdn.com/aero-v1/sc/h/2rjwv8xjz286xzohy9vw8p79m (2)
[0528/173544.137:INFO:CONSOLE:2] "Element with id: joinUrl not found", source: https://static.licdn.com/aero-v1/sc/h/2rjwv8xjz286xzohy9vw8p79m (2)
[0528/173544.203:INFO:CONSOLE:2] "Element with id: enableFingerprintingJS not found", source: https://static.licdn.com/aero-v1/sc/h/2rjwv8xjz286xzohy9vw8p79m (2)
[0528/173544.203:INFO:CONSOLE:2] "Element with id: enablePlatformJs not found", source: https://static.licdn.com/aero-v1/sc/h/2rjwv8xjz286xzohy9vw8p79m (2)
[0528/173544.403:ERROR:content\public\browser\web_contents_delegate.cc:302] WebContentsDelegate::CheckMediaAccessPermission: Not supported.
[0528/173544.403:ERROR:content\public\browser\web_contents_delegate.cc:302] WebContentsDelegate::CheckMediaAccessPermission: Not supported.
[0528/173544.763:INFO:CONSOLE:169] "[GSI_LOGGER]: Your client application may not display the Google One Tap in its default position. When FedCM becomes mandatory, One Tap only displays in the default position. Refer to the migration guide to update your code accordingly and opt-in to FedCM to test your changes. Learn more: https://developers.google.com/identity/gsi/web/guides/fedcm-migration?s=dc#layout", source: https://static.licdn.com/aero-v1/sc/h/29rdkxlvag0d3cpj96fiilbju (169)
[0528/173544.763:INFO:CONSOLE:169] "[GSI_LOGGER]: Your client application uses one of the Google One Tap prompt UI status methods that may stop functioning when FedCM becomes mandatory. Refer to the migration guide to update your code accordingly and opt-in to FedCM to test your changes. Learn more: https://developers.google.com/identity/gsi/web/guides/fedcm-migration?s=dc#display_moment and https://developers.google.com/identity/gsi/web/guides/fedcm-migration?s=dc#skipped_moment", source: https://static.licdn.com/aero-v1/sc/h/29rdkxlvag0d3cpj96fiilbju (169)
[0528/173544.765:INFO:CONSOLE:169] "[GSI_LOGGER]: Currently, you disable FedCM on Google One Tap. FedCM for One Tap will become mandatory starting Oct 2024, and you won’t be able to disable it. Refer to the migration guide to update your code accordingly to ensure users will not be blocked from logging in. Learn more: https://developers.google.com/identity/gsi/web/guides/fedcm-migration", source: https://static.licdn.com/aero-v1/sc/h/29rdkxlvag0d3cpj96fiilbju (169)
[0528/173545.953:INFO:CONSOLE:0] "Access to XMLHttpRequest at 'https://ps.azurewaf.microsoft.com/event?correlationId=e65752e9-8a19-4e46-8479-d45c56ec6979&type=ping' from origin 'https://in.linkedin.com' has been blocked by CORS policy: Response to preflight request doesn't pass access control check: No 'Access-Control-Allow-Origin' header is present on the requested resource.", source: https://in.linkedin.com/in/mahesh-salunke-2ba239366 (0)
[0528/173546.700:INFO:CONSOLE:0] "[.WebGL-0x5824027c0600]GL Driver Message (OpenGL, Performance, GL_CLOSE_PATH_NV, High): GPU stall due to ReadPixels", source: https://in.linkedin.com/in/mahesh-salunke-2ba239366 (0)
[0528/173600.078:INFO:CONSOLE:0] "Access to XMLHttpRequest at 'https://ps.azurewaf.microsoft.com/event?correlationId=e65752e9-8a19-4e46-8479-d45c56ec6979&type=data' from origin 'https://in.linkedin.com' has been blocked by CORS policy: Response to preflight request doesn't pass access control check: No 'Access-Control-Allow-Origin' header is present on the requested resource.", source: https://in.linkedin.com/in/mahesh-salunke-2ba239366 (0)
[0528/173620.272:ERROR:content\public\browser\web_contents_delegate.cc:302] WebContentsDelegate::CheckMediaAccessPermission: Not supported.
[0528/173620.272:ERROR:content\public\browser\web_contents_delegate.cc:302] WebContentsDelegate::CheckMediaAccessPermission: Not supported.
[0528/173620.369:ERROR:content\public\browser\web_contents_delegate.cc:302] WebContentsDelegate::CheckMediaAccessPermission: Not supported.
[0528/173620.369:ERROR:content\public\browser\web_contents_delegate.cc:302] WebContentsDelegate::CheckMediaAccessPermission: Not supported.
[0528/173620.450:ERROR:content\public\browser\web_contents_delegate.cc:302] WebContentsDelegate::CheckMediaAccessPermission: Not supported.
[0528/173620.450:ERROR:content\public\browser\web_contents_delegate.cc:302] WebContentsDelegate::CheckMediaAccessPermission: Not supported.
[0528/173620.553:ERROR:content\public\browser\web_contents_delegate.cc:302] WebContentsDelegate::CheckMediaAccessPermission: Not supported.
[0528/173620.553:ERROR:content\public\browser\web_contents_delegate.cc:302] WebContentsDelegate::CheckMediaAccessPermission: Not supported.
[0528/173620.646:ERROR:content\public\browser\web_contents_delegate.cc:302] WebContentsDelegate::CheckMediaAccessPermission: Not supported.
[0528/173620.646:ERROR:content\public\browser\web_contents_delegate.cc:302] WebContentsDelegate::CheckMediaAccessPermission: Not supported.
[0528/173620.911:INFO:CONSOLE:2] "Element with id: dust-var-locale not found", source: https://static.licdn.com/aero-v1/sc/h/3kgy5ay8f0k9viv1cd9y344x2 (2)
[0528/173621.091:INFO:CONSOLE:2] "Canvas2D: Multiple readback operations using getImageData are faster with the willReadFrequently attribute set to true. See: https://html.spec.whatwg.org/multipage/canvas.html#concept-canvas-will-read-frequently", source: https://static.licdn.com/aero-v1/sc/h/95dn6qmfiqsklhxazp0jn20zg (2)
[0528/173621.285:INFO:CONSOLE:169] "[GSI_LOGGER]: Your client application may not display the Google One Tap in its default position. When FedCM becomes mandatory, One Tap only displays in the default position. Refer to the migration guide to update your code accordingly and opt-in to FedCM to test your changes. Learn more: https://developers.google.com/identity/gsi/web/guides/fedcm-migration?s=dc#layout", source: https://static.licdn.com/aero-v1/sc/h/29rdkxlvag0d3cpj96fiilbju (169)
[0528/173621.285:INFO:CONSOLE:169] "[GSI_LOGGER]: Your client application uses one of the Google One Tap prompt UI status methods that may stop functioning when FedCM becomes mandatory. Refer to the migration guide to update your code accordingly and opt-in to FedCM to test your changes. Learn more: https://developers.google.com/identity/gsi/web/guides/fedcm-migration?s=dc#display_moment and https://developers.google.com/identity/gsi/web/guides/fedcm-migration?s=dc#skipped_moment", source: https://static.licdn.com/aero-v1/sc/h/29rdkxlvag0d3cpj96fiilbju (169)
[0528/173621.286:INFO:CONSOLE:169] "[GSI_LOGGER]: Currently, you disable FedCM on Google One Tap. FedCM for One Tap will become mandatory starting Oct 2024, and you won’t be able to disable it. Refer to the migration guide to update your code accordingly to ensure users will not be blocked from logging in. Learn more: https://developers.google.com/identity/gsi/web/guides/fedcm-migration", source: https://static.licdn.com/aero-v1/sc/h/29rdkxlvag0d3cpj96fiilbju (169)
[0528/173621.293:INFO:CONSOLE:169] "[GSI_LOGGER]: Currently, you disable FedCM on Google One Tap. FedCM for One Tap will become mandatory starting Oct 2024, and you won’t be able to disable it. Refer to the migration guide to update your code accordingly to ensure users will not be blocked from logging in. Learn more: https://developers.google.com/identity/gsi/web/guides/fedcm-migration", source: https://static.licdn.com/aero-v1/sc/h/29rdkxlvag0d3cpj96fiilbju (169)
[0528/173621.475:ERROR:content\public\browser\web_contents_delegate.cc:302] WebContentsDelegate::CheckMediaAccessPermission: Not supported.
[0528/173621.475:ERROR:content\public\browser\web_contents_delegate.cc:302] WebContentsDelegate::CheckMediaAccessPermission: Not supported.
[0528/173621.584:INFO:CONSOLE:2] "%c ", source: https://client.protechts.net/PXdOjV695v/main.min.js (2)
[0528/173621.671:INFO:CONSOLE:2] "TMS load event sent successfully: ", source: https://static.licdn.com/aero-v1/sc/h/3kgy5ay8f0k9viv1cd9y344x2 (2)
[0528/173621.734:INFO:CONSOLE:0] "Access to XMLHttpRequest at 'https://ps.azurewaf.microsoft.com/event?correlationId=ebee8ce0-40f7-4668-b1d0-382b4688b37f&type=ping' from origin 'https://www.linkedin.com' has been blocked by CORS policy: Response to preflight request doesn't pass access control check: No 'Access-Control-Allow-Origin' header is present on the requested resource.", source: https://www.linkedin.com/authwall?trk=bf&trkInfo=AQGRUJaV9WNKogAAAZ5uem6Q7duKvJb7_bGfKMjCAfF_NV0svCsiQV5wSpKRdU4sL1vj7JgtJi8nM0lciyrQjg-An9WPHxxrxei4_zoyPQnEyDSXBLzb4Brn9KsYe6Bsc_BaXFM=&original_referer=&sessionRedirect=https%3A%2F%2Fin.linkedin.com%2Fin%2Fmahesh-salunke-2ba239366 (0)
[0528/173621.746:INFO:CONSOLE:2] "Canvas2D: Multiple readback operations using getImageData are faster with the willReadFrequently attribute set to true. See: https://html.spec.whatwg.org/multipage/canvas.html#concept-canvas-will-read-frequently", source: https://static.licdn.com/aero-v1/sc/h/95dn6qmfiqsklhxazp0jn20zg (2)
[0528/173621.772:INFO:CONSOLE:2] "Canvas2D: Multiple readback operations using getImageData are faster with the willReadFrequently attribute set to true. See: https://html.spec.whatwg.org/multipage/canvas.html#concept-canvas-will-read-frequently", source: https://static.licdn.com/aero-v1/sc/h/95dn6qmfiqsklhxazp0jn20zg (2)
[0528/173621.819:ERROR:content\public\browser\web_contents_delegate.cc:302] WebContentsDelegate::CheckMediaAccessPermission: Not supported.
[0528/173621.819:ERROR:content\public\browser\web_contents_delegate.cc:302] WebContentsDelegate::CheckMediaAccessPermission: Not supported.
[0528/173622.078:ERROR:content\public\browser\web_contents_delegate.cc:302] WebContentsDelegate::CheckMediaAccessPermission: Not supported.
[0528/173622.078:ERROR:content\public\browser\web_contents_delegate.cc:302] WebContentsDelegate::CheckMediaAccessPermission: Not supported.
[0528/173623.126:ERROR:content\public\browser\web_contents_delegate.cc:302] WebContentsDelegate::CheckMediaAccessPermission: Not supported.
[0528/173623.126:ERROR:content\public\browser\web_contents_delegate.cc:302] WebContentsDelegate::CheckMediaAccessPermission: Not supported.
